---
source: crates/mtui-core/tests/help_listing.rs
assertion_line: 40
expression: out
---
Documented commands (type help <topic>):
========================================
edit                  help                  quit

Undocumented commands:
========================================
add_host              analyze_diff          approve               assign
checkers              checkout              comment               commit
config                downgrade             export                get
install               list_bugs             list_history          list_hosts
list_locks            list_metadata         list_packages         list_products
list_refhosts         list_sessions         list_templates        list_timeout
list_update_commands  list_versions         load_template         lock
lrun                  openqa_jobs           openqa_overview       prepare
put                   reboot                regenerate            reject
reload_openqa         reload_products       remove_host           run
set_host_state        set_log_level         set_repo              set_timeout
set_workflow          shell                 show_diff             show_log
show_update_repos     switch                unassign              uninstall
unload                unlock                update                updates
whoami
