---
source: crates/mtui-mcp/tests/tools_synthesis.rs
expression: rendered
---
command tools:
add_host read_only=false
analyze_diff read_only=false
approve read_only=false
assign read_only=false
checkers read_only=false
checkout read_only=false
comment read_only=false
commit read_only=false
config_set read_only=false
config_show read_only=false
downgrade read_only=false
export read_only=false
get read_only=false
install read_only=false
list_bugs read_only=true
list_history read_only=true
list_hosts read_only=true
list_locks read_only=true
list_metadata read_only=true
list_packages read_only=true
list_products read_only=true
list_refhosts read_only=true
list_sessions read_only=true
list_templates read_only=true
list_timeout read_only=true
list_update_commands read_only=true
list_versions read_only=true
load_template read_only=false
lock read_only=false
openqa_jobs read_only=true
openqa_overview read_only=true
prepare read_only=false
put read_only=false
reboot read_only=false
regenerate read_only=false
reject read_only=false
reload_openqa read_only=false
reload_products read_only=false
remove_host read_only=false
request_review read_only=false
run read_only=false
set_host_state read_only=false
set_log_level read_only=false
set_repo read_only=false
set_timeout read_only=false
set_workflow read_only=false
show_diff read_only=true
show_log read_only=true
show_update_repos read_only=true
unassign read_only=false
uninstall read_only=false
unload read_only=false
unlock read_only=false
update read_only=false
updates read_only=false
whoami read_only=true

job tools:
job_cancel read_only=false
job_list read_only=true
job_result read_only=true
job_status read_only=true
