---
source: crates/mtui-mcp/tests/slim_profile.rs
expression: rendered
---
analyze_diff
approve
assign
comment
commit
export
install
job_cancel
job_list
job_result
job_status
list_bugs
list_hosts
list_metadata
list_packages
list_products
list_templates
list_versions
load_template
openqa_jobs
openqa_overview
prepare
reject
report_file_read
report_files
report_issue_read
report_issue_write
report_section_read
report_section_write
report_sections
run
set_repo
show_diff
show_log
testreport_fill
testreport_logs
testreport_patch
testreport_read
testreport_write
uninstall
unload
update
updates
