---
source: crates/mtui-mcp/tests/document_tools.rs
expression: pretty
---
[
  {
    "description": "List the report document's sections (`name`, byte `size` — advisory, `has_unanswered`) and its completeness: `complete`, and `unfilled`, the RFC 6901 pointer of every null leaf. `dirty` is true while edits are not yet uploaded by `commit`. Needs a loaded report document; without one it refuses (run load_template or regenerate). Pass `template=<rrid>` to target a specific loaded template; required when more than one is loaded.",
    "input_schema": {
      "additionalProperties": false,
      "properties": {
        "template": {
          "description": "RRID of a loaded template to target (required when >1 loaded).",
          "type": "string"
        }
      },
      "type": "object"
    },
    "name": "report_sections",
    "read_only": true
  },
  {
    "description": "Read one section of the report document as JSON (`data`). Needs a loaded report document; without one it refuses (run load_template or regenerate). Pass `template=<rrid>` to target a specific loaded template; required when more than one is loaded.",
    "input_schema": {
      "additionalProperties": false,
      "properties": {
        "section": {
          "description": "Section to read.",
          "enum": [
            "verdict",
            "comment",
            "people",
            "update",
            "install",
            "issues",
            "testing",
            "review"
          ],
          "type": "string"
        },
        "template": {
          "description": "RRID of a loaded template to target (required when >1 loaded).",
          "type": "string"
        }
      },
      "required": [
        "section"
      ],
      "type": "object"
    },
    "name": "report_section_read",
    "read_only": true
  },
  {
    "description": "Replace one tester section of the report document with `value`. `update` and `install` are pipeline-owned and refused; a section the report lacks (`review` on a PI report) is refused; an `issues` write must keep exactly the same issue keys (use report_issue_write for one entry). Validated against the report schema locally, refused with the offending pointers, and applied to local state only; `commit` uploads it. A later `export` overwrites testing.install, testing.openqa and people.testers. Needs a loaded report document; without one it refuses (run load_template or regenerate). Pass `template=<rrid>` to target a specific loaded template; required when more than one is loaded.",
    "input_schema": {
      "additionalProperties": false,
      "properties": {
        "section": {
          "description": "Tester section to replace.",
          "enum": [
            "verdict",
            "comment",
            "people",
            "issues",
            "testing",
            "review"
          ],
          "type": "string"
        },
        "template": {
          "description": "RRID of a loaded template to target (required when >1 loaded).",
          "type": "string"
        },
        "value": {
          "description": "The section's new JSON value, shaped as report_section_read returns it."
        }
      },
      "required": [
        "section",
        "value"
      ],
      "type": "object"
    },
    "name": "report_section_write",
    "read_only": false
  },
  {
    "description": "Without `issue_id`, list the report's issues (`id`, `title`, `status`, `severity`); with it, read that issue in full. Needs a loaded report document; without one it refuses (run load_template or regenerate). Pass `template=<rrid>` to target a specific loaded template; required when more than one is loaded.",
    "input_schema": {
      "additionalProperties": false,
      "properties": {
        "issue_id": {
          "description": "Issue key such as `bsc#1234567`; omit to list all.",
          "type": "string"
        },
        "template": {
          "description": "RRID of a loaded template to target (required when >1 loaded).",
          "type": "string"
        }
      },
      "type": "object"
    },
    "name": "report_issue_read",
    "read_only": true
  },
  {
    "description": "Replace one existing issue of the report document with `value`; the issue set cannot grow or shrink. Validated against the report schema locally, refused with the offending pointers, and applied to local state only; `commit` uploads it. Needs a loaded report document; without one it refuses (run load_template or regenerate). Pass `template=<rrid>` to target a specific loaded template; required when more than one is loaded.",
    "input_schema": {
      "additionalProperties": false,
      "properties": {
        "issue_id": {
          "description": "Key of an existing issue, such as `bsc#1234567`.",
          "type": "string"
        },
        "template": {
          "description": "RRID of a loaded template to target (required when >1 loaded).",
          "type": "string"
        },
        "value": {
          "description": "The issue's new JSON value, shaped as report_issue_read returns it."
        }
      },
      "required": [
        "issue_id",
        "value"
      ],
      "type": "object"
    },
    "name": "report_issue_write",
    "read_only": false
  },
  {
    "description": "List the report directory's files — `build_checks/`, the install-log directory, `results/` and `checkers.log` — each with its report-relative `path`, `name` and `size`. `server` is the matching teregen artifact (`origin`, `size`, `at`), or null when the server has none; sizes differ until `commit` uploads. `server_only` lists server files with no local copy: they cannot be read yet. A failed server listing leaves the local list and sets `server_error`. Needs a loaded report document; without one it refuses (run load_template or regenerate). Pass `template=<rrid>` to target a specific loaded template; required when more than one is loaded.",
    "input_schema": {
      "additionalProperties": false,
      "properties": {
        "template": {
          "description": "RRID of a loaded template to target (required when >1 loaded).",
          "type": "string"
        }
      },
      "type": "object"
    },
    "name": "report_files",
    "read_only": true
  },
  {
    "description": "Read one report file as text: `content` and `total_lines`. `path` is relative to the report directory and must be `checkers.log` or sit directly in `build_checks/`, the install-log directory or `results/` (see report_files). `offset`/`limit` page a 1-indexed line window; a window also returns `offset` and `returned_lines`. Needs a loaded report document; without one it refuses (run load_template or regenerate). Pass `template=<rrid>` to target a specific loaded template; required when more than one is loaded.",
    "input_schema": {
      "additionalProperties": false,
      "properties": {
        "limit": {
          "description": "Max lines to return (default: to end of file).",
          "minimum": 0,
          "type": "integer"
        },
        "offset": {
          "default": 1,
          "description": "1-based first line to return.",
          "minimum": 1,
          "type": "integer"
        },
        "path": {
          "description": "Report-directory-relative file, e.g. `install_logs/<host>.log` or `checkers.log`.",
          "type": "string"
        },
        "template": {
          "description": "RRID of a loaded template to target (required when >1 loaded).",
          "type": "string"
        }
      },
      "required": [
        "path"
      ],
      "type": "object"
    },
    "name": "report_file_read",
    "read_only": true
  }
]
